This is a doctest for add_vectors_file

>>> from assignment2 import add_vectors_file

>>> add_vectors_file('test1.csv')
[7, 13, 7]
>>> add_vectors_file(123)
Error: only accepts strings
>>> add_vectors_file('notafile.txt')
Error reading from file notafile.txt
>>> add_vectors_file('test2.csv')
Error: the file must contain pay and bonus columns
>>> add_vectors_file('test3.csv')
[5, 11, 5]
>>> add_vectors_file('test4.csv')
Error: the file must contain pay and bonus columns